What is winona afraid of?	sheep	8 3
What is jessica afraid of?	cat	2 1
What is gertrude afraid of?	cat	7 1
What is gertrude afraid of?	cat	7 1