What is gertrude afraid of?	wolf	8 7
What is winona afraid of?	wolf	6 1
What is gertrude afraid of?	wolf	8 7
What is gertrude afraid of?	wolf	8 7