What is emily afraid of?	wolf	7 5
What is winona afraid of?	mouse	3 2
What is gertrude afraid of?	mouse	8 1
What is jessica afraid of?	cat	6 4
