What is gertrude afraid of?	wolf	7 4
What is emily afraid of?	wolf	3 1
What is gertrude afraid of?	wolf	7 4
What is emily afraid of?	wolf	3 1